// Jest Snapshot v1, https://goo.gl/fbAQLP

exports[`MainApp Redux mapDispatchToProps 1`] = `
Array [
  Object {
    "payload": Object {
      "isDark": true,
    },
    "type": "TOGGLE_DARK_THEME",
  },
]
`;

exports[`MainApp: Match snapshots 1: Normal 1`] = `
<StatusBar
  animated={false}
  hidden={true}
  showHideTransition="fade"
>
  <Loader
    loading={true}
  />
</StatusBar>
`;

exports[`MainApp: Match snapshots 2: Loading 1`] = `
<StatusBar
  animated={false}
  hidden={true}
  showHideTransition="fade"
>
  <Loader
    loading={true}
  />
</StatusBar>
`;

exports[`MainApp: Match snapshots 3: No Intro Slides 1`] = `
<StatusBar
  animated={false}
  hidden={true}
  showHideTransition="fade"
>
  <Loader
    loading={true}
  />
</StatusBar>
`;
