// Jest Snapshot v1, https://goo.gl/fbAQLP

exports[`Decoding Message: Match Snapshots 1 1`] = `
<View>
  <AppHeader
    navigation={
      Object {
        "getParam": [MockFunction] {
          "calls": Array [
            Array [
              "uri",
              "NO-ID",
            ],
            Array [
              "message",
              "NO-ID",
            ],
          ],
          "results": Array [
            Object {
              "type": "return",
              "value": undefined,
            },
            Object {
              "type": "return",
              "value": undefined,
            },
          ],
        },
        "navigate": [MockFunction],
      }
    }
    primary="#E88C0C"
    theme={
      Object {
        "background": "#FFF",
        "color": "#17212D",
        "isDark": false,
      }
    }
  />
  <ImageMessage
    action={[Function]}
    editable={false}
    message="Enter your message here"
    navigation={
      Object {
        "getParam": [MockFunction] {
          "calls": Array [
            Array [
              "uri",
              "NO-ID",
            ],
            Array [
              "message",
              "NO-ID",
            ],
          ],
          "results": Array [
            Object {
              "type": "return",
              "value": undefined,
            },
            Object {
              "type": "return",
              "value": undefined,
            },
          ],
        },
        "navigate": [MockFunction],
      }
    }
  />
</View>
`;
