// Jest Snapshot v1, https://goo.gl/fbAQLP

exports[`Loader: Match snapshots 1 1`] = `
<View
  style={
    Array [
      Object {
        "alignItems": "center",
        "bottom": 0,
        "flex": 1,
        "justifyContent": "center",
        "left": 0,
        "opacity": 0.75,
        "position": "absolute",
        "right": 0,
        "top": 0,
        "zIndex": 2,
      },
      Object {
        "backgroundColor": undefined,
      },
    ]
  }
>
  <ActivityIndicator
    animating={true}
    color="#009CFF"
    hidesWhenStopped={true}
    size="large"
  />
</View>
`;

exports[`Loader: Match snapshots 2 1`] = `<View />`;
